CinemaOS sample output - tmdbId=1323244 imdbId=tt6791350 season=None episode=None

[va] CinemaOS-Helios  name="CinemaOS [Helios]"  type=M3U8  url=https://video-proxy.wackstream.workers.dev/m3u8-proxy?url=https%3A%2F%2Fimpactdrivenbrands.site%2FRxXQDqknd%2Fpl%2FH4sIAAAAAAAAAwXB0XaCIBgA4FfSkUt3aUnmEo8KP8odgptTcNQ8J.Pp933HYURRglAkRzmE6BjHMdLqK1ZvhyN6V.pj5JFQbPO0K_5o4Ch05tGaxjJoZs7NRpboJNnyNtgir7rGEcyewMJd5YWRfglaS0TNwoUYA7U9vEQmqjZP1yFLfJWrZ2PEY7RGEphKGUwt0GkeqShvIblqmt6ZNXd9SpC.6B08uVP7G8gLQ.XqioZvV5ljWmUub1l4YmcyAwXOFhDtBQ4VKz5LnFKdOyoxERAo1AQEce56wTFWXdMDgwI49gRPc2td33ewDmHqmP9.KbsJvaZ7dca.ZvtP3RXRzWs00unKKclqGiT_TvXNHEEBAAA-%2Fmaster.m3u8&referer=https%3A%2F%2Fnextgencloudfabric.com%2F&origin=https%3A%2F%2Fnextgencloudfabric.com
[va] CinemaOS-Selene  name="CinemaOS [Selene]"  type=M3U8  url=https://cinemaos.scrapeworker.workers.dev/m3u8-proxy?url=https%3A%2F%2Fimpactdrivenbrands.site%2FRxXQDqknd%2Fpl%2FH4sIAAAAAAAAAw3P2XKCMBQA0F9KWKr2USEgymUIuQnkLYstw.Iw1lrK17fnD87tw0Y79xbsTbSzJg6J93sXE7dzxBsf7d.r9rzivWjrKf1RamnlxBHaYuABrN00ZeLOqE2npNtk0qT.ykf2uAR.APIcbQ4VKBn4FOZ6jNYGC6OTftItDE2.kDKt4y6oXxzdxmfJldCna9iHWq2qVHTQWZ8J5KaZn2mTHEfewpdFODmMR5nho9yOTNClu.ESWiVpiSvKzYNSFIACKylonp0fJvmMBYOXmXDVrN5M3v_cUF7cTENLpNL5JFH0uZh76rF_2ZSf3HiglrhfmQGvkIWV0NgFS.5b9s3zIvm_J34jhz9imJ1ZQQEAAA--%2Fmaster.m3u8&referer=https%3A%2F%2Fnextgencloudfabric.com%2F&origin=https%3A%2F%2Fnextgencloudfabric.com
[va] CinemaOS-Eos  name="CinemaOS [Eos]"  type=M3U8  url=https://flowersaint.kamasutrame.workers.dev/m3u8-proxy?url=https%3A%2F%2Fimpactdrivenbrands.site%2FRxXQDqknd%2Fpl%2FH4sIAAAAAAAAAw3KyXaCMBQA0F8iDA7dVSHg9KwZSXbAw0MN5XCUluHr6.au7qa8F6v1JlgX22gbeCESQu64rmq_uPvlJvoQPmqj.oD7ZrKx_eLybd4fqgUn4UN2Wi4z0oZAOogzQaIlnmuhnkzDFQN6qH6ILVssRNc6xYfi5EGnNBH6odI6Pe7OHklRtBk6iLnqv5Ue55ravFbsyJMpZHFTlBT3.JCR6ZodKKsxBVYQM8qgGWXiLTy_RWx.EcyBc28kVz3.iYX.YgI5uDaDxyeRonVSNJNI0YADg5KMJ4..mARZdRBdKI2VGybhbUPsdqurbp8XqSzLGbf7Ialc36HrfeleoczMbPUQ3N75H842XChBAQAA%2Fmaster.m3u8&referer=https%3A%2F%2Fnextgencloudfabric.com%2F&origin=https%3A%2F%2Fnextgencloudfabric.com
[vf] CinemaOS-KuroC  name="CinemaOS [KuroC]"  type=M3U8  url=https://wormhole.filmu.in/proxy/file?url=https%3A%2F%2Fbcdnxw.hakunaymatata.com%2Fresource%2Ffd3c4e163335f89bf1d1c98f059d4fdd.mp4%3Fsign%3Daa4f16b8832adb1d8ed89ea6e457988a%26t%3D1787509305&referer=https%3A%2F%2Fnetnaija.film%2F&origin=https%3A%2F%2Fnetnaija.film
[rive] sources: {}
[v2] sources: {}
[vdn] error: HTTP Error 502: Bad Gateway
[zm] error: HTTP Error 502: Bad Gateway
[lm] error: HTTP Error 502: Bad Gateway
[vs] error: HTTP Error 502: Bad Gateway
[vl] error: HTTP Error 502: Bad Gateway
[vz] error: HTTP Error 502: Bad Gateway
[cs] error: HTTP Error 502: Bad Gateway
[mt] error: HTTP Error 502: Bad Gateway
[hexa] error: HTTP Error 502: Bad Gateway
[ms] error: HTTP Error 502: Bad Gateway
[vp] error: HTTP Error 502: Bad Gateway
[ts] error: HTTP Error 502: Bad Gateway
[vy] error: HTTP Error 502: Bad Gateway
[fx] error: HTTP Error 502: Bad Gateway
[py] error: HTTP Error 502: Bad Gateway
[fz] error: HTTP Error 502: Bad Gateway
[fs] error: HTTP Error 502: Bad Gateway
[cz] error: HTTP Error 502: Bad Gateway
[fn] error: HTTP Error 502: Bad Gateway
[sc] error: HTTP Error 502: Bad Gateway
[vdy] error: HTTP Error 502: Bad Gateway
[nhd] error: HTTP Error 502: Bad Gateway
[vx] error: HTTP Error 502: Bad Gateway
[h0] sources: {}
[mb2] sources: {}
[q4] CinemaOS-🇮🇳 🇺🇸 Phoenix  name="CinemaOS [🇮🇳 🇺🇸 Phoenix]"  type=M3U8  url=https://nova.cinemaos.in/api/hlsproxy?embed=https%3A%2F%2Fhanerix.com%2Fe%2Fbncsb8saxjda
[q4] CinemaOS-🇮🇳 🇺🇸 Peta  name="CinemaOS [🇮🇳 🇺🇸 Peta]"  type=M3U8  url=https://1hyahuweWHyVWmq.homemaintenanceguide.sbs/lrAomU956ig7J/hls3/01/05083/wgyssmkasunh_,l,n,h,.urlset/master.txt
[q4] subtitle lang=English url=https://raindrop.risefall.workers.dev/m3u8-proxy?url=https%3A%2F%2Fgalk8e9m4l6if.premilkyway.com%2Fvtt%2F01%2F10304%2Fbncsb8saxjda_eng.vtt&referer=https://galk8e9m4l6if.premilkyway.com/&origin=https://galk8e9m4l6if.premilkyway.com
[q4] subtitle lang=English url=https://cinemaos-proxy.huhululu765.workers.dev/super-proxy?url=https%3A%2F%2FlrAomU956ig7J.acek-cdn.com%2Fvtt%2F01%2F05083%2Fwgyssmkasunh_eng.vtt&referer=https://lraomu956ig7j.acek-cdn.com/&origin=https://lraomu956ig7j.acek-cdn.com
[s3] sources: {}
[vc] sources: {}
[vn] sources: {}
[z2] sources: {}
